

                             _   _
                            (_) | |
      __ _   _ __   __   __  _  | |
     / _` | | '_ \  \ \ / / | | | |
    | (_| | | | | |  \ V /  | | | |
     \__,_| |_| |_|   \_/   |_| |_|

    1.7.1 (4072e48705 2026-05-08T07:50:55.527285345Z)
    https://github.com/foundry-rs/foundry

Available Accounts
==================

(0) 0xf39Fd6e51aad88F6F4ce6aB8827279cffFb92266 (1000.000000000000000000 ETH)
(1) 0x70997970C51812dc3A010C7d01b50e0d17dc79C8 (1000.000000000000000000 ETH)
(2) 0x3C44CdDdB6a900fa2b585dd299e03d12FA4293BC (1000.000000000000000000 ETH)
(3) 0x90F79bf6EB2c4f870365E785982E1f101E93b906 (1000.000000000000000000 ETH)
(4) 0x15d34AAf54267DB7D7c367839AAf71A00a2C6A65 (1000.000000000000000000 ETH)
(5) 0x9965507D1a55bcC2695C58ba16FB37d819B0A4dc (1000.000000000000000000 ETH)
(6) 0x976EA74026E726554dB657fA54763abd0C3a0aa9 (1000.000000000000000000 ETH)
(7) 0x14dC79964da2C08b23698B3D3cc7Ca32193d9955 (1000.000000000000000000 ETH)
(8) 0x23618e81E3f5cdF7f54C3d65f7FBc0aBf5B21E8f (1000.000000000000000000 ETH)
(9) 0xa0Ee7A142d267C1f36714E4a8F75612F20a79720 (1000.000000000000000000 ETH)
(10) 0xBcd4042DE499D14e55001CcbB24a551F3b954096 (1000.000000000000000000 ETH)
(11) 0x71bE63f3384f5fb98995898A86B02Fb2426c5788 (1000.000000000000000000 ETH)
(12) 0xFABB0ac9d68B0B445fB7357272Ff202C5651694a (1000.000000000000000000 ETH)
(13) 0x1CBd3b2770909D4e10f157cABC84C7264073C9Ec (1000.000000000000000000 ETH)
(14) 0xdF3e18d64BC6A983f673Ab319CCaE4f1a57C7097 (1000.000000000000000000 ETH)
(15) 0xcd3B766CCDd6AE721141F452C550Ca635964ce71 (1000.000000000000000000 ETH)
(16) 0x2546BcD3c84621e976D8185a91A922aE77ECEc30 (1000.000000000000000000 ETH)
(17) 0xbDA5747bFD65F08deb54cb465eB87D40e51B197E (1000.000000000000000000 ETH)
(18) 0xdD2FD4581271e230360230F9337D5c0430Bf44C0 (1000.000000000000000000 ETH)
(19) 0x8626f6940E2eb28930eFb4CeF49B2d1F2C9C1199 (1000.000000000000000000 ETH)
(20) 0x09DB0a93B389bEF724429898f539AEB7ac2Dd55f (1000.000000000000000000 ETH)
(21) 0x02484cb50AAC86Eae85610D6f4Bf026f30f6627D (1000.000000000000000000 ETH)
(22) 0x08135Da0A343E492FA2d4282F2AE34c6c5CC1BbE (1000.000000000000000000 ETH)
(23) 0x5E661B79FE2D3F6cE70F5AAC07d8Cd9abb2743F1 (1000.000000000000000000 ETH)
(24) 0x61097BA76cD906d2ba4FD106E757f7Eb455fc295 (1000.000000000000000000 ETH)
(25) 0xDf37F81dAAD2b0327A0A50003740e1C935C70913 (1000.000000000000000000 ETH)
(26) 0x553BC17A05702530097c3677091C5BB47a3a7931 (1000.000000000000000000 ETH)
(27) 0x87BdCE72c06C21cd96219BD8521bDF1F42C78b5e (1000.000000000000000000 ETH)
(28) 0x40Fc963A729c542424cD800349a7E4Ecc4896624 (1000.000000000000000000 ETH)
(29) 0x9DCCe783B6464611f38631e6C851bf441907c710 (1000.000000000000000000 ETH)
(30) 0x1BcB8e569EedAb4668e55145Cfeaf190902d3CF2 (1000.000000000000000000 ETH)
(31) 0x8263Fce86B1b78F95Ab4dae11907d8AF88f841e7 (1000.000000000000000000 ETH)
(32) 0xcF2d5b3cBb4D7bF04e3F7bFa8e27081B52191f91 (1000.000000000000000000 ETH)
(33) 0x86c53Eb85D0B7548fea5C4B4F82b4205C8f6Ac18 (1000.000000000000000000 ETH)
(34) 0x1aac82773CB722166D7dA0d5b0FA35B0307dD99D (1000.000000000000000000 ETH)
(35) 0x2f4f06d218E426344CFE1A83D53dAd806994D325 (1000.000000000000000000 ETH)
(36) 0x1003ff39d25F2Ab16dBCc18EcE05a9B6154f65F4 (1000.000000000000000000 ETH)
(37) 0x9eAF5590f2c84912A08de97FA28d0529361Deb9E (1000.000000000000000000 ETH)
(38) 0x11e8F3eA3C6FcF12EcfF2722d75CEFC539c51a1C (1000.000000000000000000 ETH)
(39) 0x7D86687F980A56b832e9378952B738b614A99dc6 (1000.000000000000000000 ETH)
(40) 0x9eF6c02FB2ECc446146E05F1fF687a788a8BF76d (1000.000000000000000000 ETH)
(41) 0x08A2DE6F3528319123b25935C92888B16db8913E (1000.000000000000000000 ETH)
(42) 0xe141C82D99D85098e03E1a1cC1CdE676556fDdE0 (1000.000000000000000000 ETH)
(43) 0x4b23D303D9e3719D6CDf8d172Ea030F80509ea15 (1000.000000000000000000 ETH)
(44) 0xC004e69C5C04A223463Ff32042dd36DabF63A25a (1000.000000000000000000 ETH)
(45) 0x5eb15C0992734B5e77c888D713b4FC67b3D679A2 (1000.000000000000000000 ETH)
(46) 0x7Ebb637fd68c523613bE51aad27C35C4DB199B9c (1000.000000000000000000 ETH)
(47) 0x3c3E2E178C69D4baD964568415a0f0c84fd6320A (1000.000000000000000000 ETH)
(48) 0x35304262b9E87C00c430149f28dD154995d01207 (1000.000000000000000000 ETH)
(49) 0xD4A1E660C916855229e1712090CcfD8a424A2E33 (1000.000000000000000000 ETH)
(50) 0xEe7f6A930B29d7350498Af97f0F9672EaecbeeFf (1000.000000000000000000 ETH)
(51) 0x145e2dc5C8238d1bE628F87076A37d4a26a78544 (1000.000000000000000000 ETH)
(52) 0xD6A098EbCc5f8Bd4e174D915C54486B077a34A51 (1000.000000000000000000 ETH)
(53) 0x042a63149117602129B6922ecFe3111168C2C323 (1000.000000000000000000 ETH)
(54) 0xa0EC9eE47802CeB56eb58ce80F3E41630B771b04 (1000.000000000000000000 ETH)
(55) 0xe8B1ff302A740fD2C6e76B620d45508dAEc2DDFf (1000.000000000000000000 ETH)
(56) 0xAb707cb80e7de7C75d815B1A653433F3EEc44c74 (1000.000000000000000000 ETH)
(57) 0x0d803cdeEe5990f22C2a8DF10A695D2312dA26CC (1000.000000000000000000 ETH)
(58) 0x1c87Bb9234aeC6aDc580EaE6C8B59558A4502220 (1000.000000000000000000 ETH)
(59) 0x4779d18931B35540F84b0cd0e9633855B84df7b8 (1000.000000000000000000 ETH)
(60) 0xC0543b0b980D8c834CBdF023b2d2A75b5f9D1909 (1000.000000000000000000 ETH)
(61) 0x73B3074ac649A8dc31c2C90a124469456301a30F (1000.000000000000000000 ETH)
(62) 0x265188114EB5d5536BC8654d8e9710FE72C28c4d (1000.000000000000000000 ETH)
(63) 0x924Ba5Ce9f91ddED37b4ebf8c0dc82A40202fc0A (1000.000000000000000000 ETH)
(64) 0x64492E25C30031EDAD55E57cEA599CDB1F06dad1 (1000.000000000000000000 ETH)
(65) 0x262595fa2a3A86adACDe208589614d483e3eF1C0 (1000.000000000000000000 ETH)
(66) 0xDFd99099Fa13541a64AEe9AAd61c0dbf3D32D492 (1000.000000000000000000 ETH)
(67) 0x63c3686EF31C03a641e2Ea8993A91Ea351e5891a (1000.000000000000000000 ETH)
(68) 0x9394cb5f737Bd3aCea7dcE90CA48DBd42801EE5d (1000.000000000000000000 ETH)
(69) 0x344dca30F5c5f74F2f13Dc1d48Ad3A9069d13Ad9 (1000.000000000000000000 ETH)
(70) 0xF23E054D8b4D0BECFa22DeEF5632F27f781f8bf5 (1000.000000000000000000 ETH)
(71) 0x6d69F301d1Da5C7818B5e61EECc745b30179C68b (1000.000000000000000000 ETH)
(72) 0xF0cE7BaB13C99bA0565f426508a7CD8f4C247E5a (1000.000000000000000000 ETH)
(73) 0x011bD5423C5F77b5a0789E27f922535fd76B688F (1000.000000000000000000 ETH)
(74) 0xD9065f27e9b706E5F7628e067cC00B288dddbF19 (1000.000000000000000000 ETH)
(75) 0x54ccCeB38251C29b628ef8B00b3cAB97e7cAc7D5 (1000.000000000000000000 ETH)
(76) 0xA1196426b41627ae75Ea7f7409E074BE97367da2 (1000.000000000000000000 ETH)
(77) 0xE74cEf90b6CF1a77FEfAd731713e6f53e575C183 (1000.000000000000000000 ETH)
(78) 0x7Df8Efa6d6F1CB5C4f36315e0AcB82b02Ae8BA40 (1000.000000000000000000 ETH)
(79) 0x9E126C57330FA71556628e0aabd6B6B6783d99fA (1000.000000000000000000 ETH)
(80) 0x586BA39027A74e8D40E6626f89Ae97bA7f616644 (1000.000000000000000000 ETH)
(81) 0x9A50ed082Cf2fc003152580dcDB320B834fA379E (1000.000000000000000000 ETH)
(82) 0xbc8183bac3E969042736f7af07f76223D11D2148 (1000.000000000000000000 ETH)
(83) 0x586aF62EAe7F447D14D25f53918814e04d3A5BA4 (1000.000000000000000000 ETH)
(84) 0xCcDd262f272Ee6C226266eEa13eE48D4d932Ce66 (1000.000000000000000000 ETH)
(85) 0xF0eeDDC5e015d4c459590E01Dcc2f2FD1d2baac7 (1000.000000000000000000 ETH)
(86) 0x4edFEDFf17ab9642F8464D6143900903dD21421a (1000.000000000000000000 ETH)
(87) 0x492C973C16E8aeC46f4d71716E91b05B245377C9 (1000.000000000000000000 ETH)
(88) 0xE5D3ab6883b7e8c35c04675F28BB992Ca1129ee4 (1000.000000000000000000 ETH)
(89) 0x71F280DEA6FC5a03790941Ad72956f545FeB7a52 (1000.000000000000000000 ETH)
(90) 0xE77478D9E136D3643cFc6fef578Abf63F9Ab91B1 (1000.000000000000000000 ETH)
(91) 0x6C8EA11559DFE79Ae3dBDD6A67b47F61b929398f (1000.000000000000000000 ETH)
(92) 0x48fA7b63049A6F4E7316EB2D9c5BDdA8933BCA2f (1000.000000000000000000 ETH)
(93) 0x16aDfbeFdEfD488C992086D472A4CA577a0e5e54 (1000.000000000000000000 ETH)
(94) 0x225356FF5d64889D7364Be2c990f93a66298Ee8D (1000.000000000000000000 ETH)
(95) 0xcBDc0F9a4C38f1e010bD3B6e43598A55D1868c23 (1000.000000000000000000 ETH)
(96) 0xBc5BdceE96b1BC47822C74e6f64186fbA7d686be (1000.000000000000000000 ETH)
(97) 0x0536896a5e38BbD59F3F369FF3682677965aBD19 (1000.000000000000000000 ETH)
(98) 0xFE0f143FcAD5B561b1eD2AC960278A2F23559Ef9 (1000.000000000000000000 ETH)
(99) 0x98D08079928FcCB30598c6C6382ABfd7dbFaA1cD (1000.000000000000000000 ETH)

Private Keys
==================

(0) 0xac0974bec39a17e36ba4a6b4d238ff944bacb478cbed5efcae784d7bf4f2ff80
(1) 0x59c6995e998f97a5a0044966f0945389dc9e86dae88c7a8412f4603b6b78690d
(2) 0x5de4111afa1a4b94908f83103eb1f1706367c2e68ca870fc3fb9a804cdab365a
(3) 0x7c852118294e51e653712a81e05800f419141751be58f605c371e15141b007a6
(4) 0x47e179ec197488593b187f80a00eb0da91f1b9d0b13f8733639f19c30a34926a
(5) 0x8b3a350cf5c34c9194ca85829a2df0ec3153be0318b5e2d3348e872092edffba
(6) 0x92db14e403b83dfe3df233f83dfa3a0d7096f21ca9b0d6d6b8d88b2b4ec1564e
(7) 0x4bbbf85ce3377467afe5d46f804f221813b2bb87f24d81f60f1fcdbf7cbf4356
(8) 0xdbda1821b80551c9d65939329250298aa3472ba22feea921c0cf5d620ea67b97
(9) 0x2a871d0798f97d79848a013d4936a73bf4cc922c825d33c1cf7073dff6d409c6
(10) 0xf214f2b2cd398c806f84e317254e0f0b801d0643303237d97a22a48e01628897
(11) 0x701b615bbdfb9de65240bc28bd21bbc0d996645a3dd57e7b12bc2bdf6f192c82
(12) 0xa267530f49f8280200edf313ee7af6b827f2a8bce2897751d06a843f644967b1
(13) 0x47c99abed3324a2707c28affff1267e45918ec8c3f20b8aa892e8b065d2942dd
(14) 0xc526ee95bf44d8fc405a158bb884d9d1238d99f0612e9f33d006bb0789009aaa
(15) 0x8166f546bab6da521a8369cab06c5d2b9e46670292d85c875ee9ec20e84ffb61
(16) 0xea6c44ac03bff858b476bba40716402b03e41b8e97e276d1baec7c37d42484a0
(17) 0x689af8efa8c651a91ad287602527f3af2fe9f6501a7ac4b061667b5a93e037fd
(18) 0xde9be858da4a475276426320d5e9262ecfc3ba460bfac56360bfa6c4c28b4ee0
(19) 0xdf57089febbacf7ba0bc227dafbffa9fc08a93fdc68e1e42411a14efcf23656e
(20) 0xeaa861a9a01391ed3d587d8a5a84ca56ee277629a8b02c22093a419bf240e65d
(21) 0xc511b2aa70776d4ff1d376e8537903dae36896132c90b91d52c1dfbae267cd8b
(22) 0x224b7eb7449992aac96d631d9677f7bf5888245eef6d6eeda31e62d2f29a83e4
(23) 0x4624e0802698b9769f5bdb260a3777fbd4941ad2901f5966b854f953497eec1b
(24) 0x375ad145df13ed97f8ca8e27bb21ebf2a3819e9e0a06509a812db377e533def7
(25) 0x18743e59419b01d1d846d97ea070b5a3368a3e7f6f0242cf497e1baac6972427
(26) 0xe383b226df7c8282489889170b0f68f66af6459261f4833a781acd0804fafe7a
(27) 0xf3a6b71b94f5cd909fb2dbb287da47badaa6d8bcdc45d595e2884835d8749001
(28) 0x4e249d317253b9641e477aba8dd5d8f1f7cf5250a5acadd1229693e262720a19
(29) 0x233c86e887ac435d7f7dc64979d7758d69320906a0d340d2b6518b0fd20aa998
(30) 0x85a74ca11529e215137ccffd9c95b2c72c5fb0295c973eb21032e823329b3d2d
(31) 0xac8698a440d33b866b6ffe8775621ce1a4e6ebd04ab7980deb97b3d997fc64fb
(32) 0xf076539fbce50f0513c488f32bf81524d30ca7a29f400d68378cc5b1b17bc8f2
(33) 0x5544b8b2010dbdbef382d254802d856629156aba578f453a76af01b81a80104e
(34) 0x47003709a0a9a4431899d4e014c1fd01c5aad19e873172538a02370a119bae11
(35) 0x9644b39377553a920edc79a275f45fa5399cbcf030972f771d0bca8097f9aad3
(36) 0xcaa7b4a2d30d1d565716199f068f69ba5df586cf32ce396744858924fdf827f0
(37) 0xfc5a028670e1b6381ea876dd444d3faaee96cffae6db8d93ca6141130259247c
(38) 0x5b92c5fe82d4fabee0bc6d95b4b8a3f9680a0ed7801f631035528f32c9eb2ad5
(39) 0xb68ac4aa2137dd31fd0732436d8e59e959bb62b4db2e6107b15f594caf0f405f
(40) 0xc95eaed402c8bd203ba04d81b35509f17d0719e3f71f40061a2ec2889bc4caa7
(41) 0x55afe0ab59c1f7bbd00d5531ddb834c3c0d289a4ff8f318e498cb3f004db0b53
(42) 0xc3f9b30f83d660231203f8395762fa4257fa7db32039f739630f87b8836552cc
(43) 0x3db34a7bcc6424e7eadb8e290ce6b3e1423c6e3ef482dd890a812cd3c12bbede
(44) 0xae2daaa1ce8a70e510243a77187d2bc8da63f0186074e4a4e3a7bfae7fa0d639
(45) 0x5ea5c783b615eb12be1afd2bdd9d96fae56dda0efe894da77286501fd56bac64
(46) 0xf702e0ff916a5a76aaf953de7583d128c013e7f13ecee5d701b49917361c5e90
(47) 0x7ec49efc632757533404c2139a55b4d60d565105ca930a58709a1c52d86cf5d3
(48) 0x755e273950f5ae64f02096ae99fe7d4f478a28afd39ef2422068ee7304c636c0
(49) 0xaf6ecabcdbbfb2aefa8248b19d811234cd95caa51b8e59b6ffd3d4bbc2a6be4c
(50) 0x70c2bd1b41084c2e2238551eace483321f8c1a413a471c3b49c8a5d1d6b3d0c4
(51) 0xcb8e373c93609268cdcec93450f3578b92bb20c3ac2e77968d106025005f97b5
(52) 0x6f29f6e0b750bcdd31c3403f48f11d72215990375b6d23380b39c9bbf854a7d3
(53) 0xff249f7eba6d8d3a65794995d724400a23d3b0bd1714265c965870ef47808be8
(54) 0x5599a7be5589682da3e0094806840e8510dae6493665a701b06c59cbe9d97968
(55) 0x93de2205919f5b472723722fedb992e962c34d29c4caaedd82cd33e16f1fd3cf
(56) 0xd20ecf81c6c3ad87a4e8dbeb7ceef41dd0eebc7a1657efb9d34e47217694b5cb
(57) 0xe4058704ed240d68a94b6fb226824734ddabd4b1fe37bc85ce22f5b17f98830e
(58) 0x4ae4408221b5042c0ee36f6e9e6b586a00d0452aa89df2e7f4f5aec42152ec43
(59) 0x0e7c38ba429fa5081692121c4fcf6304ca5895c6c86d31ed155b0493c516107f
(60) 0xd5df67c2e4da3ff9c8c6045d9b7c41581efeb2a3660921ad4ba863cc4b8c211c
(61) 0x92456ac1fa1ef65a04fb4689580ad5e4cda7369f3620ef3a02fa4015725f460a
(62) 0x65b10e7d7315bb8b7f7c6eefcbd87b36ad4007c4ade9c032354f016e84ad9c5e
(63) 0x365820b3376c77dab008476d49f7cd7af87fc7bbd57dc490378106c3353b2b33
(64) 0xb07579b9864bb8e69e8b6e716284ab5b5f39fe5bb57ae4c83af795a242390202
(65) 0xbf071d2b017426fcbf763cce3b3efe3ffc9663a42c77a431df521ef6c79cacad
(66) 0x8bbffff1588b3c4eb8d415382546f6f6d5f0f61087c3be7c7c4d9e0d41d97258
(67) 0xb658f0575a14a7ac05075cb0f8727f0aae168a091dfb32d92514d1a7c11cf498
(68) 0x228330af91fa515d7514cf5ac6594ab90b296cbd8ff7bc4567306aa66cacd79f
(69) 0xe6f80f9618311c0cd58f6a3fc6621cdbf6da4a72cc42e2974c98829343e7927b
(70) 0x36d0435aa9a2c24d72a0aa69673b3acc2649969c38a581103df491aac6c33dd4
(71) 0xf3ed98f9148171cfed177aef647e8ac0e2579075f640d05d37df28e6e0551083
(72) 0x8fc20c439fd7cf4f36217471a5db7594188540cf9997a314520a018de27544dd
(73) 0x549078aab3adafeff862b2d40b6b27756c5c4669475c3367edfb8dcf63ea1ae5
(74) 0xacf192decb2e4ddd8ad61693ab8edd67e3620b2ed79880ff4e1e04482c52c916
(75) 0x47dc59330fb8c356ef61c55c11f9bb49ee463df50cbfe59f389de7637037b029
(76) 0xf0050439b33fd77f7183f44375bc43a869a9880dca82a187fab9be91e020d029
(77) 0xe995cc7ea38e5c2927b97607765c2a20f4a6052d6810a3a1102e84d77c0df13b
(78) 0x8232e778c8e32eddb268e12aee5e82c7bb540cc176e150d64f35ee4ae2faf2b2
(79) 0xba8c9ff38e4179748925335a9891b969214b37dc3723a1754b8b849d3eea9ac0
(80) 0xe66935494406a2b7cddd5b90f0a416cd499353f9f5b16d3f53e9db79b5af315c
(81) 0xdf1d05a0dc7ff9b702517352bbcc48cd78c4f1c8e7e0be4a7e8c9d8a01318dca
(82) 0xaf905e7d181f83cf2b32316c035db8cc6dc37b8ee658a39c648a40f7f5aea732
(83) 0x2e07199788560fbb67ad75c647ab4c1288c035e370cd8efd8cc98c117a9e1dbc
(84) 0xbeab65f35a77de7af63a97748e6a3bb90372f9225ebc6e8d0f1dc14098ac683a
(85) 0x0ae04d323697ac9f6590e30ac497b8bb84ba66a3f7db8648792e92a5773c9dc7
(86) 0x7cda9d93162b809fb8474f22c724da7e9590ac3bfba54ec15bdd54953ab3e5ff
(87) 0xf6702b85537d0a844debc36e28e409af35c683a0d968ff1a01eab8bc17542397
(88) 0x4034badb4e3cdf45d4032c7671a82d4967a0ce4c1bf3ddb72bf8fba38c151f6f
(89) 0x967483ff906486d78577d1749000ddcee7c65f480f154fb5d9d45170f0489d33
(90) 0x9c9186fb8f85adc661f3da56dd64e3b9a3f95b17c05ed9c6561f9ee9225da327
(91) 0xef463dfdd318a103afeb0e4e75b3c3c0b13a681c2dc48b22bc05a949d5fa28d5
(92) 0x165b52d20a0ebc82b1e87bd02e221f3a2bec6ff6f61326eea3e6180cc23ccf43
(93) 0x945ff88d4066b8f6d61eb1dbc7c31dc1ad0078b8a781e0ea7b4c4f097e62dfd3
(94) 0x1ecfea2bcec4e5e3af2430ae90d554bc272cd7743efb66138c90840c729ebffe
(95) 0xa6d83a50114f5bbd5557832caf948c4f202e31e7f8dd3bffdb579bf78dc4c166
(96) 0xf6b39438613b3f5dae4e84a73e90ea8a4efa0ab7b69cc532fdfe3932d20d52bb
(97) 0x41f789906acc91db1f402d803b8537830856da0211f4ccf22f526d918b26c881
(98) 0xc1b5e6b1cd081956fa11c35329eeb84d31bceaf7253e84e0f90323d55065aa1f
(99) 0xa3f5fbad1692c5b72802300aefb5b760364018018ddb5fe7589a2203d0d10e60

Wallet
==================
Mnemonic:          test test test test test test test test test test test junk
Derivation path:   m/44'/60'/0'/0/


Chain ID
==================

1337

Gas Price
==================

1875000000

Gas Limit
==================

30000000

Genesis Timestamp
==================

1782300167

Genesis Number
==================

0

Listening on 127.0.0.1:8545

    Block Number: 1
    Block Hash: 0xaf6dc22222b2fe85c0bcfac6062bb938dc832b772801871326f996e81fcc6de8
    Block Time: "Wed, 24 Jun 2026 11:22:48 +0000"


    Block Number: 2
    Block Hash: 0x8a5c1ae79ae57a6283921aa324e7c920c37044bfe1cbbf58b3dbe08ba64fd9f2
    Block Time: "Wed, 24 Jun 2026 11:22:49 +0000"


    Block Number: 3
    Block Hash: 0x23b73baaaa40ea17f4345eeaef0f435d345ef2e302bc46e147ebc07061262c7e
    Block Time: "Wed, 24 Jun 2026 11:22:50 +0000"


    Block Number: 4
    Block Hash: 0x5f6b70c6526b574d031654da18e8da1eb16c9c84400c0452db2081cb02e74e2f
    Block Time: "Wed, 24 Jun 2026 11:22:51 +0000"


    Block Number: 5
    Block Hash: 0x2f7e10a5ebffb469c9572672b5306d039ce6ec6df12509c6f038749f0be6def0
    Block Time: "Wed, 24 Jun 2026 11:22:52 +0000"


    Block Number: 6
    Block Hash: 0xd0cf7df13a2e2dcf6fdb9b917fa251f320d792e8c6f8a845b8b0ccd8d1f778da
    Block Time: "Wed, 24 Jun 2026 11:22:53 +0000"


    Block Number: 7
    Block Hash: 0xbfe7faa8a6fe5471a2b84ec990dd89567ec05488617914ccffd816e7ac35f5d2
    Block Time: "Wed, 24 Jun 2026 11:22:54 +0000"


    Block Number: 8
    Block Hash: 0x7ba33f18099acc9e6d21f4eeba70e96851bc37b21ba4b1bda5631ffd498b4ba4
    Block Time: "Wed, 24 Jun 2026 11:22:55 +0000"


    Block Number: 9
    Block Hash: 0x3defa485b943190dde1ba96d65dcc4fa1c934c33f305bcac4f1e932ba509f1ad
    Block Time: "Wed, 24 Jun 2026 11:22:56 +0000"


    Block Number: 10
    Block Hash: 0x9fbcf1d6ff2730ca1903bd7847fc85b5f636ebbe0dcd81bc14876f78bbe024af
    Block Time: "Wed, 24 Jun 2026 11:22:57 +0000"


    Block Number: 11
    Block Hash: 0x793dc51b2050e14fa18ef4a85f320d68f6b6d82b79b506554090ed919fc69fb8
    Block Time: "Wed, 24 Jun 2026 11:22:58 +0000"

eth_chainId
eth_blockNumber
eth_chainId
eth_chainId
eth_gasPrice
eth_getBlockByNumber
eth_chainId
eth_getTransactionCount
eth_chainId
eth_sendRawTransaction
eth_chainId
eth_getTransactionReceipt
eth_chainId
eth_getTransactionReceipt

    Transaction: 0x1c1915774607276d5068895d922b41f49db38b1189a8243a949323f215e47947
    Contract created: 0x5FbDB2315678afecb367f032d93F642f64180aa3
    Gas used: 8000000
    Error: reverted with: EvmError: NotActivated

    Block Number: 12
    Block Hash: 0xd5d4f9073b9146ac5077318c1ef7116786e15abcf87a294dc1abf171db8a1851
    Block Time: "Wed, 24 Jun 2026 11:22:59 +0000"

eth_chainId
eth_getTransactionCount
eth_chainId
eth_getTransactionByHash

    Block Number: 13
    Block Hash: 0x7bdce7e92144c0c62d8c96c16b057ca3f4a09e3afe16a99581595752d7552050
    Block Time: "Wed, 24 Jun 2026 11:23:00 +0000"


    Block Number: 14
    Block Hash: 0xc70cda1422d49a898f799ad6ef2396ab17bfc8210fa5555b3bcdc78f79d7e604
    Block Time: "Wed, 24 Jun 2026 11:23:01 +0000"


    Block Number: 15
    Block Hash: 0x7302b95059851415fb93fabb7dbcd2d4c1cb4aa0d06b245822a6c0db5771f4ee
    Block Time: "Wed, 24 Jun 2026 11:23:02 +0000"

eth_blockNumber
eth_chainId
eth_chainId
eth_getTransactionReceipt

    Block Number: 16
    Block Hash: 0x7c5e4011f6c06bcb33deeefe8138ad793e3eda45cd3a35de692bbfb514ccb51a
    Block Time: "Wed, 24 Jun 2026 11:23:03 +0000"


    Block Number: 17
    Block Hash: 0x99a4b80572aafe9da3f094d042852754698f483df4d30b1276310717cad0f3ef
    Block Time: "Wed, 24 Jun 2026 11:23:04 +0000"


    Block Number: 18
    Block Hash: 0x1e00e8ffd366b9e26280074df8a58e9a7c42e73fde5d02bf0dd6bbeda3d50fa6
    Block Time: "Wed, 24 Jun 2026 11:23:05 +0000"


    Block Number: 19
    Block Hash: 0xe6123ed7c57257912ce71b0dd2cfab31db2334a5c25bec6ca2b8693bdf28dafb
    Block Time: "Wed, 24 Jun 2026 11:23:06 +0000"


    Block Number: 20
    Block Hash: 0x9f7c1684098fe6f9ded8a0a5bdf04cfe4e0a15f957476f85a4cb97b959e10c75
    Block Time: "Wed, 24 Jun 2026 11:23:07 +0000"


    Block Number: 21
    Block Hash: 0xd8e05588b8dfc4d6b3792052ced030145eadfb4baf6967922b68ac436f680d8b
    Block Time: "Wed, 24 Jun 2026 11:23:08 +0000"


    Block Number: 22
    Block Hash: 0x4783173314d2c6656ce06941244636351e7203f00639f6d6f6894ab105ec093f
    Block Time: "Wed, 24 Jun 2026 11:23:09 +0000"


    Block Number: 23
    Block Hash: 0x36bc5b27cd2bc50784667241d1834e5fcfe4a3806d9cad97075d9e74666682a3
    Block Time: "Wed, 24 Jun 2026 11:23:10 +0000"


    Block Number: 24
    Block Hash: 0x4b095a96e6041f80a6b0b9686bc81b090b1b6280ece206cc9d62210b38fc28ff
    Block Time: "Wed, 24 Jun 2026 11:23:11 +0000"


    Block Number: 25
    Block Hash: 0x81c82cd512d6cac064b4174213afc171df73489b358dab15aa984787b05e8e3b
    Block Time: "Wed, 24 Jun 2026 11:23:12 +0000"


    Block Number: 26
    Block Hash: 0x5b656e338c9217fafb7273fe1ffca4a324f085c44da5a05dd3dca27d4976f270
    Block Time: "Wed, 24 Jun 2026 11:23:13 +0000"

eth_getTransactionCount

    Block Number: 27
    Block Hash: 0x4134c07012ed0eeb8ce45b83804efae019805da259d1b68edd7e94c7eaa5bed3
    Block Time: "Wed, 24 Jun 2026 11:23:14 +0000"


    Block Number: 28
    Block Hash: 0x29986a6101377031d74058d02f472d227a9094bd6f9b1d82230db2da307ab35d
    Block Time: "Wed, 24 Jun 2026 11:23:15 +0000"


    Block Number: 29
    Block Hash: 0x1801455cefce1e0e021b644e67101f859306174f33249f62dbe7ebb0e9f92667
    Block Time: "Wed, 24 Jun 2026 11:23:16 +0000"


    Block Number: 30
    Block Hash: 0xa2fa103c3d3d64bab55b608488c735a9df7d13c8caab4326f779655d8091c6d3
    Block Time: "Wed, 24 Jun 2026 11:23:17 +0000"


    Block Number: 31
    Block Hash: 0xd9703cdbce21a44008362675002fa614b0c7441ff92524448380090538cbf480
    Block Time: "Wed, 24 Jun 2026 11:23:18 +0000"


    Block Number: 32
    Block Hash: 0xded304f6ed1ffbf30dee9f34862a64c1c1ef998663c599a620f8e6688e677c34
    Block Time: "Wed, 24 Jun 2026 11:23:19 +0000"


    Block Number: 33
    Block Hash: 0x407687bc193e3a1fd7b7c16f7857e651ad4cef1500d14cc0fdfa32fda6e6a377
    Block Time: "Wed, 24 Jun 2026 11:23:20 +0000"


    Block Number: 34
    Block Hash: 0x5ae70e9ae53a43b1225ccecb94a6d0e89491f1f39a730afbefa81de077e3e71f
    Block Time: "Wed, 24 Jun 2026 11:23:21 +0000"


    Block Number: 35
    Block Hash: 0x7fd46f36f0bb2345a1dd4dacbf6d9d5a442f976671c6fcdd451ec8a4883b6b05
    Block Time: "Wed, 24 Jun 2026 11:23:22 +0000"


    Block Number: 36
    Block Hash: 0x2e0dbf028464ff2fa223d194f6a9dbf3f0adcf94aca05295a0cfc87cc94ce84e
    Block Time: "Wed, 24 Jun 2026 11:23:23 +0000"


    Block Number: 37
    Block Hash: 0x97b129c57af5d67c1ad295be008598b45095c17c5cdcd34c0220deb2d49753e4
    Block Time: "Wed, 24 Jun 2026 11:23:24 +0000"


    Block Number: 38
    Block Hash: 0x2ce947bd133f17a506a450e7188a6e57420cf84463f0e24296dbc1d7034298e5
    Block Time: "Wed, 24 Jun 2026 11:23:25 +0000"


    Block Number: 39
    Block Hash: 0x05e2637e16a617e2027a09249ffc0b190647faf036cf938d338098cd988d74ab
    Block Time: "Wed, 24 Jun 2026 11:23:26 +0000"


    Block Number: 40
    Block Hash: 0x0398ffa38d2e7e9b3f726c2a3a60bbd821063c60880cb2615fdd63559cc11a0c
    Block Time: "Wed, 24 Jun 2026 11:23:27 +0000"


    Block Number: 41
    Block Hash: 0xe575721b22afdd6b6ff902178768dfe719948e13d5bc954d89fcc46807264848
    Block Time: "Wed, 24 Jun 2026 11:23:28 +0000"


    Block Number: 42
    Block Hash: 0x51b688b42eef4c3e882de1b780b2cf8f1fd7be0288de91a916d25b3f35cf708c
    Block Time: "Wed, 24 Jun 2026 11:23:29 +0000"


    Block Number: 43
    Block Hash: 0x2d142fed7a1294016c723c6ba6c7a394d609636c08d1e816c9d0cf56e815a134
    Block Time: "Wed, 24 Jun 2026 11:23:30 +0000"


    Block Number: 44
    Block Hash: 0x5c09cefcc8c0f9b4e17d10bca80f56b692dd811f36c0cff98681bb9d3566bd35
    Block Time: "Wed, 24 Jun 2026 11:23:31 +0000"


    Block Number: 45
    Block Hash: 0x83a4381f9a787832512e99e5b92e070988e8cf35f1b07ac2eff65bb5fba07a70
    Block Time: "Wed, 24 Jun 2026 11:23:32 +0000"

