  ✅ 100 bots initialized with 7 personality types
  ⛽ Funding bots with ETH for gas...
  ⏳ Waiting for 0 funding txs to confirm...
  ✅ Funded 0 bots with ETH for gas
═══════════════════════════════════════════════════════════════
  🤖 BotEngine — Full DAO Simulation
═══════════════════════════════════════════════════════════════
  Bots: 100 | Rounds: 100
  Personalities: whale, dayTrader, dolphin, lp, dumper, accumulator, staker
  Actions: swap, LP, stake, claim, buyback, flashBuyback, PID tick

--- Round 1 ---
Round 1 bots: 100 state: true
  ⚠️ tick failed: transaction failed
  ⚠️ tick failed: transaction failed
  ⚠️ tick failed: transaction failed
  ⚠️ tick failed: transaction failed
  ⚠️ tick failed: transaction failed
--- Round 2 ---
Round 2 bots: 100 state: true
--- Round 3 ---
Round 3 bots: 100 state: true
--- Round 4 ---
--- Round 5 ---
--- Round 6 ---
--- Round 7 ---
--- Round 8 ---
--- Round 9 ---
--- Round 10 ---
  🔄 Flash Buyback triggered — FlashBuy has 50000.0 Ag
  📊 Round 10: Price=0.199531 Au/Ag | Reserves: 505593 Ag / 100881 Au | TVL: 606474 | Trades: 11 | Volume: 0
--- Round 11 ---
--- Round 12 ---
--- Round 13 ---
--- Round 14 ---
--- Round 15 ---
--- Round 16 ---
--- Round 17 ---
--- Round 18 ---
--- Round 19 ---
--- Round 20 ---
  🔄 Flash Buyback triggered — FlashBuy has 50000.0 Ag
  📊 Round 20: Price=0.199461 Au/Ag | Reserves: 506034 Ag / 100934 Au | TVL: 606968 | Trades: 19 | Volume: 0
--- Round 21 ---
--- Round 22 ---
--- Round 23 ---
--- Round 24 ---
--- Round 25 ---
--- Round 26 ---
--- Round 27 ---
--- Round 28 ---
--- Round 29 ---
--- Round 30 ---
  🔄 Flash Buyback triggered — FlashBuy has 50000.0 Ag
  📊 Round 30: Price=0.199462 Au/Ag | Reserves: 506472 Ag / 101022 Au | TVL: 607494 | Trades: 27 | Volume: 0
--- Round 31 ---
--- Round 32 ---
--- Round 33 ---
--- Round 34 ---
--- Round 35 ---
--- Round 36 ---
--- Round 37 ---
--- Round 38 ---
--- Round 39 ---
--- Round 40 ---
  🔄 Flash Buyback triggered — FlashBuy has 50000.0 Ag
  📊 Round 40: Price=0.199273 Au/Ag | Reserves: 507459 Ag / 101123 Au | TVL: 608581 | Trades: 37 | Volume: 0
--- Round 41 ---
--- Round 42 ---
--- Round 43 ---
--- Round 44 ---
--- Round 45 ---
--- Round 46 ---
--- Round 47 ---
--- Round 48 ---
--- Round 49 ---
--- Round 50 ---
  🔄 Flash Buyback triggered — FlashBuy has 50000.0 Ag
  📊 Round 50: Price=0.199115 Au/Ag | Reserves: 508014 Ag / 101153 Au | TVL: 609168 | Trades: 45 | Volume: 0
--- Round 51 ---
--- Round 52 ---
--- Round 53 ---
--- Round 54 ---
--- Round 55 ---
--- Round 56 ---
--- Round 57 ---
--- Round 58 ---
--- Round 59 ---
--- Round 60 ---
  🔄 Flash Buyback triggered — FlashBuy has 50000.0 Ag
  📊 Round 60: Price=0.199022 Au/Ag | Reserves: 508641 Ag / 101231 Au | TVL: 609872 | Trades: 55 | Volume: 0
--- Round 61 ---
--- Round 62 ---
--- Round 63 ---
--- Round 64 ---
--- Round 65 ---
--- Round 66 ---
--- Round 67 ---
--- Round 68 ---
--- Round 69 ---
--- Round 70 ---
  🔄 Flash Buyback triggered — FlashBuy has 50000.0 Ag
  📊 Round 70: Price=0.198913 Au/Ag | Reserves: 509124 Ag / 101271 Au | TVL: 610395 | Trades: 63 | Volume: 0
--- Round 71 ---
--- Round 72 ---
--- Round 73 ---
--- Round 74 ---
--- Round 75 ---
--- Round 76 ---
--- Round 77 ---
--- Round 78 ---
--- Round 79 ---
--- Round 80 ---
  🔄 Flash Buyback triggered — FlashBuy has 50000.0 Ag
  📊 Round 80: Price=0.198861 Au/Ag | Reserves: 509664 Ag / 101352 Au | TVL: 611016 | Trades: 73 | Volume: 0
--- Round 81 ---
--- Round 82 ---
--- Round 83 ---
--- Round 84 ---
--- Round 85 ---
--- Round 86 ---
--- Round 87 ---
--- Round 88 ---
--- Round 89 ---
--- Round 90 ---
  🔄 Flash Buyback triggered — FlashBuy has 50000.0 Ag
  📊 Round 90: Price=0.198768 Au/Ag | Reserves: 510099 Ag / 101391 Au | TVL: 611490 | Trades: 81 | Volume: 0
--- Round 91 ---
--- Round 92 ---
--- Round 93 ---
--- Round 94 ---
--- Round 95 ---
--- Round 96 ---
--- Round 97 ---
--- Round 98 ---
--- Round 99 ---
--- Round 100 ---
  🔄 Flash Buyback triggered — FlashBuy has 50000.0 Ag
  📊 Round 100: Price=0.198620 Au/Ag | Reserves: 510800 Ag / 101455 Au | TVL: 612255 | Trades: 96 | Volume: 0

═══════════════════════════════════════════════════════════════
  📈 Final Statistics
═══════════════════════════════════════════════════════════════
  Total Trades:      96
  Successful:        96
  Failed:            202
  Unique Traders:    34
  Total Volume:      0.00

  Trades by Type:
    swapAforB          1606
    swapBforA          468
    addLiquidity       96
═══════════════════════════════════════════════════════════════
