
╔═══════════════════════════════════════════════════════════════╗
║                                                               ║
║   🏛️  AV TREASURY SANDBOX — MONITORING SYSTEM                ║
║                                                               ║
║   Analytics • Dashboard • Alerts • Reports                   ║
║                                                               ║
╚═══════════════════════════════════════════════════════════════╝

  Configuration:
    Interval:      5000ms
    Dashboard:     enabled
    Alerts:        enabled
    Reports:       enabled
    Report Periods: 5min,1hr,24hr
    Refresh:       2000ms

✅ AnalyticsEngine initialized
[AlertSystem] Starting monitoring...
✅ AlertSystem started
[Reporter] Starting, output: /home/adam/workspace/av_treasury/sandbox/reports
[Reporter] Periods: 5min, 1hr, 24hr
[Reporter] No data for 5min report
[Reporter] No data for 1hr report
[Reporter] No data for 24hr report
✅ Reporter started (periods: 5min,1hr,24hr)
✅ Dashboard starting...
[Dashboard] Waiting for first data collection...
[Reporter] No data for 5min report
[Reporter] No data for 5min report
